../../Drivers/CMSIS/Include/core_cm33.h:2428:22:__NVIC_DisableIRQ	2
../../Drivers/STM32H5xx_HAL_Driver/Inc/stm32h5xx_ll_usart.h:3483:22:LL_USART_EnableIT_RXNE_RXFNE	2
../../Drivers/STM32H5xx_HAL_Driver/Inc/stm32h5xx_ll_usart.h:3494:22:LL_USART_EnableIT_TC	2
../../Drivers/STM32H5xx_HAL_Driver/Inc/stm32h5xx_ll_usart.h:3509:22:LL_USART_EnableIT_TXE_TXFNF	2
../../Drivers/STM32H5xx_HAL_Driver/Inc/stm32h5xx_ll_usart.h:3607:22:LL_USART_EnableIT_ERROR	2
../../Drivers/STM32H5xx_HAL_Driver/Inc/stm32h5xx_ll_usart.h:3709:22:LL_USART_DisableIT_TC	2
../../Drivers/STM32H5xx_HAL_Driver/Inc/stm32h5xx_ll_usart.h:3724:22:LL_USART_DisableIT_TXE_TXFNF	2
../../Drivers/STM32H5xx_HAL_Driver/Inc/stm32h5xx_ll_usart.h:4256:25:LL_USART_ReceiveData8	1
../../Drivers/STM32H5xx_HAL_Driver/Inc/stm32h5xx_ll_usart.h:4279:22:LL_USART_TransmitData8	1
C:/Users/Asus/STM32CubeIDE/workspace_1.18.1/UART_HyperTerminal_IT/Src/main.c:98:5:main	5
C:/Users/Asus/STM32CubeIDE/workspace_1.18.1/UART_HyperTerminal_IT/Src/main.c:205:6:SystemClock_Config	4
C:/Users/Asus/STM32CubeIDE/workspace_1.18.1/UART_HyperTerminal_IT/Src/main.c:262:13:MX_ICACHE_Init	2
C:/Users/Asus/STM32CubeIDE/workspace_1.18.1/UART_HyperTerminal_IT/Src/main.c:290:13:MX_USART3_UART_Init	5
C:/Users/Asus/STM32CubeIDE/workspace_1.18.1/UART_HyperTerminal_IT/Src/main.c:338:13:MX_GPIO_Init	1
C:/Users/Asus/STM32CubeIDE/workspace_1.18.1/UART_HyperTerminal_IT/Src/main.c:354:10:get_current_time_ms	1
C:/Users/Asus/STM32CubeIDE/workspace_1.18.1/UART_HyperTerminal_IT/Src/main.c:360:9:calculate_nmea_checksum	4
C:/Users/Asus/STM32CubeIDE/workspace_1.18.1/UART_HyperTerminal_IT/Src/main.c:372:6:validate_tag_block	8
C:/Users/Asus/STM32CubeIDE/workspace_1.18.1/UART_HyperTerminal_IT/Src/main.c:414:6:Validate_NMEA_Message	18
C:/Users/Asus/STM32CubeIDE/workspace_1.18.1/UART_HyperTerminal_IT/Src/main.c:498:6:UART_CharReception_Callback	5
C:/Users/Asus/STM32CubeIDE/workspace_1.18.1/UART_HyperTerminal_IT/Src/main.c:546:6:UART_TXEmpty_Callback	2
C:/Users/Asus/STM32CubeIDE/workspace_1.18.1/UART_HyperTerminal_IT/Src/main.c:565:6:UART_CharTransmitComplete_Callback	2
C:/Users/Asus/STM32CubeIDE/workspace_1.18.1/UART_HyperTerminal_IT/Src/main.c:585:6:UART_Error_Callback	2
C:/Users/Asus/STM32CubeIDE/workspace_1.18.1/UART_HyperTerminal_IT/Src/main.c:616:6:Error_Handler	1
