../../Drivers/STM32H5xx_HAL_Driver/Inc/stm32h5xx_ll_usart.h:2965:26:LL_USART_IsActiveFlag_NE	16	static
../../Drivers/STM32H5xx_HAL_Driver/Inc/stm32h5xx_ll_usart.h:3002:26:LL_USART_IsActiveFlag_RXNE_RXFNE	16	static
../../Drivers/STM32H5xx_HAL_Driver/Inc/stm32h5xx_ll_usart.h:3013:26:LL_USART_IsActiveFlag_TC	16	static
../../Drivers/STM32H5xx_HAL_Driver/Inc/stm32h5xx_ll_usart.h:3028:26:LL_USART_IsActiveFlag_TXE_TXFNF	16	static
../../Drivers/STM32H5xx_HAL_Driver/Inc/stm32h5xx_ll_usart.h:3351:22:LL_USART_ClearFlag_TC	16	static
../../Drivers/STM32H5xx_HAL_Driver/Inc/stm32h5xx_ll_usart.h:3915:26:LL_USART_IsEnabledIT_RXNE_RXFNE	16	static
../../Drivers/STM32H5xx_HAL_Driver/Inc/stm32h5xx_ll_usart.h:3926:26:LL_USART_IsEnabledIT_TC	16	static
../../Drivers/STM32H5xx_HAL_Driver/Inc/stm32h5xx_ll_usart.h:3941:26:LL_USART_IsEnabledIT_TXE_TXFNF	16	static
../../Drivers/STM32H5xx_HAL_Driver/Inc/stm32h5xx_ll_usart.h:4037:26:LL_USART_IsEnabledIT_ERROR	16	static
C:/Users/Asus/STM32CubeIDE/workspace_1.18.1/UART_HyperTerminal_IT/Src/stm32h5xx_it.c:74:6:NMI_Handler	4	static
C:/Users/Asus/STM32CubeIDE/workspace_1.18.1/UART_HyperTerminal_IT/Src/stm32h5xx_it.c:87:6:HardFault_Handler	4	static
C:/Users/Asus/STM32CubeIDE/workspace_1.18.1/UART_HyperTerminal_IT/Src/stm32h5xx_it.c:102:6:MemManage_Handler	4	static
C:/Users/Asus/STM32CubeIDE/workspace_1.18.1/UART_HyperTerminal_IT/Src/stm32h5xx_it.c:117:6:BusFault_Handler	4	static
C:/Users/Asus/STM32CubeIDE/workspace_1.18.1/UART_HyperTerminal_IT/Src/stm32h5xx_it.c:132:6:UsageFault_Handler	4	static
C:/Users/Asus/STM32CubeIDE/workspace_1.18.1/UART_HyperTerminal_IT/Src/stm32h5xx_it.c:147:6:SVC_Handler	4	static
C:/Users/Asus/STM32CubeIDE/workspace_1.18.1/UART_HyperTerminal_IT/Src/stm32h5xx_it.c:160:6:DebugMon_Handler	4	static
C:/Users/Asus/STM32CubeIDE/workspace_1.18.1/UART_HyperTerminal_IT/Src/stm32h5xx_it.c:173:6:PendSV_Handler	4	static
C:/Users/Asus/STM32CubeIDE/workspace_1.18.1/UART_HyperTerminal_IT/Src/stm32h5xx_it.c:186:6:SysTick_Handler	8	static
C:/Users/Asus/STM32CubeIDE/workspace_1.18.1/UART_HyperTerminal_IT/Src/stm32h5xx_it.c:207:6:USART3_IRQHandler	8	static
